-------------------------------------------------------------------------------------------------------
      name:  <unnamed>
       log:  E:\analyses\alex-tmp-repo-3\analysis\output/an_multivariable_cox_models_cpnsdeath.log
  log type:  text
 opened on:   5 May 2020, 22:21:49

. 
. use "cr_create_analysis_dataset_STSET_`outcome'.dta", clear
(Analysis dataset for the poor outcomes in Covid project)

. 
. 
. ******************************
. *  Multivariable Cox models  *
. ******************************
. 
. *************************************************************************************
. *PROG TO DEFINE THE BASIC COX MODEL WITH OPTIONS FOR HANDLING OF AGE, BMI, ETHNICITY:
. cap prog drop basecoxmodel

. prog define basecoxmodel
  1.         syntax , age(string) bp(string) [ethnicity(real 0) if(string)] 
  2. 
.         if `ethnicity'==1 local ethnicity "i.ethnicity"
  3.         else local ethnicity
  4. timer clear
  5. timer on 1
  6.         capture stcox   `age'                                   ///
>                         i.male                                                  ///
>                         i.obese4cat                                             ///
>                         i.smoke_nomiss                                  ///
>                         `ethnicity'                                             ///
>                         i.imd                                                   ///
>                         `bp'                                                    ///
>                         i.chronic_respiratory_disease   ///
>                         i.asthmacat                                             ///
>                         i.chronic_cardiac_disease               ///
>                         i.diabcat                                               ///
>                         i.cancer_exhaem_cat                             ///
>                         i.cancer_haem_cat                               ///
>                         i.chronic_liver_disease                 ///
>                         i.stroke_dementia                               ///
>                         i.other_neuro                                   ///
>                         i.chronic_kidney_disease                ///
>                         i.organ_transplant                              ///
>                         i.spleen                                                ///
>                         i.ra_sle_psoriasis                      ///
>                         i.other_immunosuppression                       ///
>                         `if'                                                    ///
>                         , strata(stp)
  7. timer off 1
  8. timer list
  9. end

. *************************************************************************************
. 
. 
. 
. *Age spline model (not adj ethnicity)
. basecoxmodel, age("age1 age2 age3")  bp("i.htdiag_or_highbp") ethnicity(0)
   1:   2490.54 /        1 =    2490.5410

. if _rc==0{
. estimates

-------------------------------------------------------------------------------------------------------
active results
-------------------------------------------------------------------------------------------------------

Stratified Cox regr. -- Breslow method for ties

No. of subjects =   17,282,832                  Number of obs    =  17,282,832
No. of failures =        5,651
Time at risk    =   1449942098
                                                LR chi2(35)      =    18559.88
Log likelihood  =    -66717.16                  Prob > chi2      =      0.0000

-----------------------------------------------------------------------------------------------
                           _t | Haz. Ratio   Std. Err.      z    P>|z|     [95% Conf. Interval]
------------------------------+----------------------------------------------------------------
                         age1 |   1.137861   .0277761     5.29   0.000     1.084702    1.193624
                         age2 |   .9452235   .0513358    -1.04   0.300     .8497772     1.05139
                         age3 |   1.101745   .1400985     0.76   0.446     .8587004     1.41358
                       1.male |     1.9872   .0572044    23.86   0.000     1.878185    2.102541
                              |
                    obese4cat |
           Obese I (30-34.9)  |   1.266283    .043872     6.81   0.000      1.18315    1.355257
          Obese II (35-39.9)  |   1.562279   .0794452     8.77   0.000     1.414077    1.726013
             Obese III (40+)  |   2.265207   .1518715    12.20   0.000     1.986273    2.583313
                              |
                 smoke_nomiss |
                      Former  |   1.250335   .0384471     7.27   0.000     1.177206    1.328007
                     Current  |   .8800374   .0509616    -2.21   0.027     .7856142    .9858094
                              |
                          imd |
                           2  |   1.134336   .0511776     2.79   0.005     1.038337    1.239211
                           3  |   1.233143   .0553654     4.67   0.000     1.129266    1.346574
                           4  |   1.492399   .0660116     9.05   0.000     1.368468    1.627553
             5 most deprived  |    1.74571   .0791191    12.29   0.000     1.597328    1.907877
                              |
           1.htdiag_or_highbp |   .9451045    .030567    -1.75   0.081     .8870537    1.006954
1.chronic_respiratory_disease |   1.781043   .0605667    16.97   0.000     1.666204    1.903797
                              |
                    asthmacat |
                 Yes, no OCS  |   1.106483    .045038     2.49   0.013      1.02164    1.198373
                Yes with OCS  |   1.247013   .0916421     3.00   0.003     1.079734    1.440208
                              |
    1.chronic_cardiac_disease |   1.271558   .0380417     8.03   0.000     1.199141    1.348347
                              |
                      diabcat |
         Controlled diabetes  |   1.500209   .0509201    11.95   0.000     1.403655    1.603405
       Uncontrolled diabetes  |   2.363384   .0980474    20.73   0.000     2.178819    2.563582
  Diabetes, no hba1c measure  |   1.873194   .1346491     8.73   0.000     1.627034    2.156597
                              |
            cancer_exhaem_cat |
                   Last year  |   1.558485    .153388     4.51   0.000     1.285068    1.890074
               2-5 years ago  |   1.187362   .0781024     2.61   0.009     1.043741    1.350746
                    5+ years  |   .9653068    .043791    -0.78   0.436     .8831832    1.055067
                              |
              cancer_haem_cat |
                   Last year  |   3.523521   .6805476     6.52   0.000     2.413083    5.144954
               2-5 years ago  |   3.116865   .3538543    10.01   0.000     2.495066    3.893624
                    5+ years  |   1.884123   .1889545     6.32   0.000     1.547905    2.293371
                              |
      1.chronic_liver_disease |   1.612433   .1575276     4.89   0.000     1.331444    1.952722
            1.stroke_dementia |   1.794337   .0656335    15.98   0.000       1.6702      1.9277
                1.other_neuro |   2.458366   .1452671    15.22   0.000     2.189517    2.760228
     1.chronic_kidney_disease |   1.721694   .0533507    17.53   0.000     1.620241      1.8295
           1.organ_transplant |   4.274008   .6279858     9.89   0.000     3.204551    5.700377
                     1.spleen |   1.407734   .2948528     1.63   0.103     .9337591    2.122299
           1.ra_sle_psoriasis |   1.230383   .0566174     4.51   0.000     1.124272    1.346509
    1.other_immunosuppression |   1.685304   .2831658     3.11   0.002     1.212436    2.342597
-----------------------------------------------------------------------------------------------
                                                             Stratified by stp
. estimates save ./output/models/an_multivariate_cox_models_`outcome'_MAINFULLYADJMODEL_agespline_bmica
> t_noeth, replace
(note: file ./output/models/an_multivariate_cox_models_cpnsdeath_MAINFULLYADJMODEL_agespline_bmicat_noe
> th.ster not found)
file ./output/models/an_multivariate_cox_models_cpnsdeath_MAINFULLYADJMODEL_agespline_bmicat_noeth.ster
>  saved
. *estat concordance /*c-statistic*/
. }

. else di "WARNING AGE SPLINE MODEL DID NOT FIT (OUTCOME `outcome')"

.  
. *Age group model (not adj ethnicity)
. basecoxmodel, age("ib3.agegroup") bp("i.htdiag_or_highbp") ethnicity(0)
   1:   2811.45 /        1 =    2811.4450

. if _rc==0{
. estimates

-------------------------------------------------------------------------------------------------------
active results
-------------------------------------------------------------------------------------------------------

Stratified Cox regr. -- Breslow method for ties

No. of subjects =   17,282,832                  Number of obs    =  17,282,832
No. of failures =        5,651
Time at risk    =   1449942098
                                                LR chi2(37)      =    18046.65
Log likelihood  =   -66973.776                  Prob > chi2      =      0.0000

-----------------------------------------------------------------------------------------------
                           _t | Haz. Ratio   Std. Err.      z    P>|z|     [95% Conf. Interval]
------------------------------+----------------------------------------------------------------
                     agegroup |
                      18-<40  |   .0705707   .0118186   -15.83   0.000     .0508244    .0979888
                      40-<50  |    .310112   .0360658   -10.07   0.000     .2469019    .3895048
                      60-<70  |   2.093382   .1379522    11.21   0.000     1.839734    2.382001
                      70-<80  |   4.768679   .2926523    25.45   0.000     4.228245    5.378189
                         80+  |   12.64163   .7868762    40.76   0.000     11.18974     14.2819
                              |
                       1.male |    1.89137   .0541497    22.26   0.000     1.788161    2.000536
                              |
                    obese4cat |
           Obese I (30-34.9)  |    1.18953   .0409559     5.04   0.000     1.111907    1.272573
          Obese II (35-39.9)  |   1.438694   .0727754     7.19   0.000       1.3029    1.588642
             Obese III (40+)  |   2.051525   .1369219    10.77   0.000     1.799974     2.33823
                              |
                 smoke_nomiss |
                      Former  |   1.256022   .0386731     7.40   0.000     1.182466    1.334154
                     Current  |   .8344369   .0481732    -3.14   0.002     .7451649    .9344037
                              |
                          imd |
                           2  |   1.136184   .0512613     2.83   0.005     1.040027     1.24123
                           3  |   1.235762   .0554952     4.71   0.000     1.131642    1.349461
                           4  |   1.493921   .0661197     9.07   0.000      1.36979      1.6293
             5 most deprived  |   1.740847   .0789453    12.22   0.000     1.592794    1.902662
                              |
           1.htdiag_or_highbp |   .9753537   .0316366    -0.77   0.442     .9152769    1.039374
1.chronic_respiratory_disease |   1.773104   .0604261    16.81   0.000      1.65854    1.895582
                              |
                    asthmacat |
                 Yes, no OCS  |   1.086716    .044219     2.04   0.041     1.003414    1.176933
                Yes with OCS  |   1.219289   .0895747     2.70   0.007     1.055779     1.40812
                              |
    1.chronic_cardiac_disease |   1.311687   .0393427     9.05   0.000     1.236799    1.391109
                              |
                      diabcat |
         Controlled diabetes  |    1.47418   .0501394    11.41   0.000     1.379112    1.575801
       Uncontrolled diabetes  |   2.268503   .0940958    19.75   0.000     2.091376    2.460631
  Diabetes, no hba1c measure  |   1.927138   .1385577     9.12   0.000     1.673836    2.218772
                              |
            cancer_exhaem_cat |
                   Last year  |   1.551353   .1526856     4.46   0.000     1.279188    1.881424
               2-5 years ago  |    1.17847   .0775435     2.50   0.013      1.03588    1.340688
                    5+ years  |   .9813963   .0445515    -0.41   0.679     .8978489    1.072718
                              |
              cancer_haem_cat |
                   Last year  |   3.440496   .6644564     6.40   0.000     2.356298    5.023565
               2-5 years ago  |   3.021791   .3431005     9.74   0.000     2.418896    3.774954
                    5+ years  |    1.86464   .1870154     6.21   0.000     1.531874    2.269691
                              |
      1.chronic_liver_disease |   1.566559   .1528399     4.60   0.000     1.293897    1.896677
            1.stroke_dementia |    1.87581   .0686075    17.20   0.000     1.746048    2.015215
                1.other_neuro |   2.403806   .1421542    14.83   0.000      2.14073    2.699212
     1.chronic_kidney_disease |    1.90977   .0582577    21.21   0.000     1.798934    2.027436
           1.organ_transplant |   3.914637   .5746862     9.30   0.000     2.935833    5.219774
                     1.spleen |   1.377253   .2884385     1.53   0.126     .9135797    2.076257
           1.ra_sle_psoriasis |   1.210885   .0557125     4.16   0.000     1.106469    1.325154
    1.other_immunosuppression |   1.609712   .2703085     2.83   0.005     1.158275    2.237098
-----------------------------------------------------------------------------------------------
                                                             Stratified by stp
. estimates save ./output/models/an_multivariate_cox_models_`outcome'_MAINFULLYADJMODEL_agegroup_bmicat
> _noeth, replace
(note: file ./output/models/an_multivariate_cox_models_cpnsdeath_MAINFULLYADJMODEL_agegroup_bmicat_noet
> h.ster not found)
file ./output/models/an_multivariate_cox_models_cpnsdeath_MAINFULLYADJMODEL_agegroup_bmicat_noeth.ster 
> saved
. *estat concordance /*c-statistic*/
. }

. else di "WARNING GROUP MODEL DID NOT FIT (OUTCOME `outcome')"

. 
. *Complete case ethnicity model
. basecoxmodel, age("age1 age2 age3") bp("i.htdiag_or_highbp") ethnicity(1)
   1:   1823.74 /        1 =    1823.7420

. if _rc==0{
. estimates

-------------------------------------------------------------------------------------------------------
active results
-------------------------------------------------------------------------------------------------------

Stratified Cox regr. -- Breslow method for ties

No. of subjects =   12,719,249                  Number of obs    =  12,719,249
No. of failures =        4,203
Time at risk    =   1067136353
                                                LR chi2(39)      =    13792.96
Log likelihood  =   -48498.596                  Prob > chi2      =      0.0000

-----------------------------------------------------------------------------------------------
                           _t | Haz. Ratio   Std. Err.      z    P>|z|     [95% Conf. Interval]
------------------------------+----------------------------------------------------------------
                         age1 |   1.120663   .0306375     4.17   0.000     1.062195    1.182349
                         age2 |   .9797685   .0597996    -0.33   0.738     .8693024    1.104272
                         age3 |   1.010457   .1446194     0.07   0.942      .763293    1.337655
                       1.male |   1.925541   .0642042    19.65   0.000     1.803726    2.055582
                              |
                    obese4cat |
           Obese I (30-34.9)  |   1.279157   .0508365     6.19   0.000     1.183301    1.382778
          Obese II (35-39.9)  |   1.603993   .0929438     8.15   0.000      1.43179    1.796907
             Obese III (40+)  |   2.277036   .1761869    10.63   0.000     1.956626    2.649916
                              |
                 smoke_nomiss |
                      Former  |   1.317545   .0480539     7.56   0.000     1.226648    1.415177
                     Current  |   .9356982   .0624571    -1.00   0.319      .820954     1.06648
                              |
                    ethnicity |
                       Mixed  |   1.642722   .2671506     3.05   0.002     1.194361    2.259395
      Asian or Asian British  |   1.615036   .0988853     7.83   0.000     1.432402    1.820956
                       Black  |   1.709573   .1476413     6.21   0.000     1.443366    2.024877
                       Other  |   1.333145    .178233     2.15   0.031     1.025834    1.732517
                              |
                          imd |
                           2  |   1.192636   .0646169     3.25   0.001     1.072482    1.326252
                           3  |   1.257475   .0678883     4.24   0.000     1.131215    1.397829
                           4  |   1.534668   .0809486     8.12   0.000     1.383937    1.701816
             5 most deprived  |   1.696028   .0918982     9.75   0.000     1.525145    1.886057
                              |
           1.htdiag_or_highbp |   .9732202   .0370276    -0.71   0.476     .9032874    1.048567
1.chronic_respiratory_disease |   1.790201   .0700698    14.88   0.000     1.658002     1.93294
                              |
                    asthmacat |
                 Yes, no OCS  |   1.030297   .0488762     0.63   0.529     .9388197    1.130687
                Yes with OCS  |   1.243591   .1018709     2.66   0.008     1.059132    1.460176
                              |
    1.chronic_cardiac_disease |   1.271277   .0441892     6.91   0.000     1.187552    1.360904
                              |
                      diabcat |
         Controlled diabetes  |   1.472856   .0579734     9.84   0.000     1.363502    1.590979
       Uncontrolled diabetes  |    2.22842   .1075289    16.61   0.000     2.027327    2.449461
  Diabetes, no hba1c measure  |   1.908091   .1541373     8.00   0.000     1.628689    2.235424
                              |
            cancer_exhaem_cat |
                   Last year  |   1.683502   .1863622     4.71   0.000     1.355147    2.091418
               2-5 years ago  |   1.207385   .0924445     2.46   0.014     1.039137    1.402875
                    5+ years  |   1.016517   .0531144     0.31   0.754      .917568    1.126137
                              |
              cancer_haem_cat |
                   Last year  |   3.295627   .7587788     5.18   0.000     2.098742     5.17508
               2-5 years ago  |   3.419339   .4317136     9.74   0.000     2.669762    4.379372
                    5+ years  |   1.843022   .2169642     5.19   0.000     1.463273    2.321323
                              |
      1.chronic_liver_disease |   1.610493   .1770477     4.33   0.000     1.298324     1.99772
            1.stroke_dementia |   1.749955   .0748498    13.08   0.000     1.609233    1.902983
                1.other_neuro |   2.412256    .166431    12.76   0.000     2.107151    2.761539
     1.chronic_kidney_disease |   1.761958   .0636301    15.68   0.000     1.641557    1.891191
           1.organ_transplant |   4.587204   .7306946     9.56   0.000      3.35707    6.268098
                     1.spleen |   1.429044    .338403     1.51   0.132     .8984172    2.273073
           1.ra_sle_psoriasis |   1.167755   .0634628     2.85   0.004     1.049766    1.299006
    1.other_immunosuppression |   1.661847   .3065947     2.75   0.006     1.157584    2.385775
-----------------------------------------------------------------------------------------------
                                                             Stratified by stp
. estimates save ./output/models/an_multivariate_cox_models_`outcome'_MAINFULLYADJMODEL_agespline_bmica
> t_CCeth, replace
(note: file ./output/models/an_multivariate_cox_models_cpnsdeath_MAINFULLYADJMODEL_agespline_bmicat_CCe
> th.ster not found)
file ./output/models/an_multivariate_cox_models_cpnsdeath_MAINFULLYADJMODEL_agespline_bmicat_CCeth.ster
>  saved
. *estat concordance /*c-statistic*/
.  }

.  else di "WARNING CC ETHNICITY MODEL WITH AGESPLINE DID NOT FIT (OUTCOME `outcome')"

.  
. 
. 
. log close
      name:  <unnamed>
       log:  E:\analyses\alex-tmp-repo-3\analysis\output/an_multivariable_cox_models_cpnsdeath.log
  log type:  text
 closed on:   6 May 2020, 00:21:07
-------------------------------------------------------------------------------------------------------
